// Jest Snapshot v1, https://goo.gl/fbAQLP

exports[`Auth renders correctly 1`] = `
<div
  className="container"
>
  <br />
  <div
    className="row"
  >
    <div
      className="container"
    >
      <div
        className="row"
      >
        <div
          className="container"
        >
          <div
            className="row card-panel hoverable"
          >
            <div
              className="col s12"
            >
              <ul
                className="tabs"
              >
                <li
                  className="tab col s4"
                >
                  <a
                    className="active blue-text"
                    href="#login"
                  >
                    Login
                  </a>
                </li>
                <li
                  className="tab col s4"
                >
                  <a
                    className="blue-text"
                    href="#signup"
                  >
                    Signup
                  </a>
                </li>
              </ul>
            </div>
            <div
              className="col s12"
              id="login"
            >
              <Connect(Login)
                history={Object {}}
              />
            </div>
            <div
              className="col s12"
              id="signup"
            >
              <Connect(SignupForm)
                history={Object {}}
              />
            </div>
          </div>
        </div>
      </div>
    </div>
  </div>
</div>
`;
